C:\EclipseWorkspaces\angful3\spring-boot-ecommerce\src\main\java\com\luv2code\ecommerce\dto\PurchaseResponse.java
C:\EclipseWorkspaces\angful3\spring-boot-ecommerce\src\main\java\com\luv2code\ecommerce\dto\Purchase.java
C:\EclipseWorkspaces\angful3\spring-boot-ecommerce\src\main\java\com\luv2code\ecommerce\dao\ProductRepository.java
C:\EclipseWorkspaces\angful3\spring-boot-ecommerce\src\main\java\com\luv2code\ecommerce\entity\Product.java
C:\EclipseWorkspaces\angful3\spring-boot-ecommerce\src\main\java\com\luv2code\ecommerce\entity\Country.java
C:\EclipseWorkspaces\angful3\spring-boot-ecommerce\src\main\java\com\luv2code\ecommerce\dao\CountryRepository.java
C:\EclipseWorkspaces\angful3\spring-boot-ecommerce\src\main\java\com\luv2code\ecommerce\entity\Customer.java
C:\EclipseWorkspaces\angful3\spring-boot-ecommerce\src\main\java\com\luv2code\ecommerce\entity\State.java
C:\EclipseWorkspaces\angful3\spring-boot-ecommerce\src\main\java\com\luv2code\ecommerce\dao\ProductCategoryRepository.java
C:\EclipseWorkspaces\angful3\spring-boot-ecommerce\src\main\java\com\luv2code\ecommerce\Controller\CheckoutController.java
C:\EclipseWorkspaces\angful3\spring-boot-ecommerce\src\main\java\com\luv2code\ecommerce\dao\StateRepository.java
C:\EclipseWorkspaces\angful3\spring-boot-ecommerce\src\main\java\com\luv2code\ecommerce\service\CheckoutServiceImpl.java
C:\EclipseWorkspaces\angful3\spring-boot-ecommerce\src\main\java\com\luv2code\ecommerce\entity\ProductCategory.java
C:\EclipseWorkspaces\angful3\spring-boot-ecommerce\src\main\java\com\luv2code\ecommerce\dao\CustomerRepository.java
C:\EclipseWorkspaces\angful3\spring-boot-ecommerce\src\main\java\com\luv2code\ecommerce\SpringBootEcommerceApplication.java
C:\EclipseWorkspaces\angful3\spring-boot-ecommerce\src\main\java\com\luv2code\ecommerce\entity\Order.java
C:\EclipseWorkspaces\angful3\spring-boot-ecommerce\src\main\java\com\luv2code\ecommerce\entity\Address.java
C:\EclipseWorkspaces\angful3\spring-boot-ecommerce\src\main\java\com\luv2code\ecommerce\entity\OrderItem.java
C:\EclipseWorkspaces\angful3\spring-boot-ecommerce\src\main\java\com\luv2code\ecommerce\config\MyDataRestConfig.java
C:\EclipseWorkspaces\angful3\spring-boot-ecommerce\src\main\java\com\luv2code\ecommerce\service\CheckoutService.java
